 
****************************************
Report : area
Design : mips_16
Version: O-2018.06-SP1
Date   : Fri Aug 28 22:59:36 2026
****************************************

Information: Updating design information... (UID-85)
Warning: Design 'mips_16' contains 1 high-fanout nets. A fanout number of 1000 will be used for delay calculations involving these nets. (TIM-134)
Library(s) Used:

    saed90nm_max_hvt (File: /home/ICer/Downloads/Lib/synopsys/models/saed90nm_max_hvt.db)

Number of ports:                          422
Number of nets:                         15217
Number of cells:                        14858
Number of combinational cells:          10572
Number of sequential cells:              4274
Number of macros/black boxes:               0
Number of buf/inv:                       2966
Number of references:                      28

Combinational area:             156007.526154
Buf/Inv area:                    64954.369395
Noncombinational area:          106571.979614
Macro/Black Box area:                0.000000
Net Interconnect area:           28077.209713

Total cell area:                262579.505768
Total area:                     290656.715480
1
