 
****************************************
Report : timing
        -path full
        -delay min
        -max_paths 2
Design : mips_16
Version: O-2018.06-SP1
Date   : Fri Aug 28 22:59:38 2026
****************************************

 # A fanout number of 1000 was used for high fanout net computations.

Operating Conditions: WORST   Library: saed90nm_max_hvt
Wire Load Model Mode: enclosed

  Startpoint: reg_file/reg_array_reg[6][1]
              (rising edge-triggered flip-flop clocked by fun_clk)
  Endpoint: reg_file/reg_array_reg[6][1]
            (rising edge-triggered flip-flop clocked by fun_clk)
  Path Group: fun_clk
  Path Type: min

  Des/Clust/Port     Wire Load Model       Library
  ------------------------------------------------
  mips_16            280000                saed90nm_max_hvt
  register_file      16000                 saed90nm_max_hvt

  Point                                                   Incr       Path
  --------------------------------------------------------------------------
  clock fun_clk (rise edge)                               0.00       0.00
  clock network delay (ideal)                             0.00       0.00
  reg_file/reg_array_reg[6][1]/CLK (DFFARX1_HVT)          0.00 #     0.00 r
  reg_file/reg_array_reg[6][1]/Q (DFFARX1_HVT)            1.60       1.60 f
  reg_file/U148/Q (AO22X1_HVT)                            0.86       2.46 f
  reg_file/reg_array_reg[6][1]/D (DFFARX1_HVT)            0.03       2.49 f
  data arrival time                                                  2.49

  clock fun_clk (rise edge)                               0.00       0.00
  clock network delay (ideal)                             0.00       0.00
  clock uncertainty                                       0.45       0.45
  reg_file/reg_array_reg[6][1]/CLK (DFFARX1_HVT)          0.00       0.45 r
  library hold time                                      -0.06       0.39
  data required time                                                 0.39
  --------------------------------------------------------------------------
  data required time                                                 0.39
  data arrival time                                                 -2.49
  --------------------------------------------------------------------------
  slack (MET)                                                        2.10


  Startpoint: reg_file/reg_array_reg[6][0]
              (rising edge-triggered flip-flop clocked by fun_clk)
  Endpoint: reg_file/reg_array_reg[6][0]
            (rising edge-triggered flip-flop clocked by fun_clk)
  Path Group: fun_clk
  Path Type: min

  Des/Clust/Port     Wire Load Model       Library
  ------------------------------------------------
  mips_16            280000                saed90nm_max_hvt
  register_file      16000                 saed90nm_max_hvt

  Point                                                   Incr       Path
  --------------------------------------------------------------------------
  clock fun_clk (rise edge)                               0.00       0.00
  clock network delay (ideal)                             0.00       0.00
  reg_file/reg_array_reg[6][0]/CLK (DFFARX1_HVT)          0.00 #     0.00 r
  reg_file/reg_array_reg[6][0]/Q (DFFARX1_HVT)            1.60       1.60 f
  reg_file/U147/Q (AO22X1_HVT)                            0.86       2.46 f
  reg_file/reg_array_reg[6][0]/D (DFFARX1_HVT)            0.03       2.49 f
  data arrival time                                                  2.49

  clock fun_clk (rise edge)                               0.00       0.00
  clock network delay (ideal)                             0.00       0.00
  clock uncertainty                                       0.45       0.45
  reg_file/reg_array_reg[6][0]/CLK (DFFARX1_HVT)          0.00       0.45 r
  library hold time                                      -0.06       0.39
  data required time                                                 0.39
  --------------------------------------------------------------------------
  data required time                                                 0.39
  data arrival time                                                 -2.49
  --------------------------------------------------------------------------
  slack (MET)                                                        2.10


1
