 
****************************************
Report : timing
        -path full
        -delay max
        -max_paths 2
Design : mips_16
Version: O-2018.06-SP1
Date   : Fri Aug 28 22:59:38 2026
****************************************

 # A fanout number of 1000 was used for high fanout net computations.

Operating Conditions: WORST   Library: saed90nm_max_hvt
Wire Load Model Mode: enclosed

  Startpoint: pc_current_reg[4]
              (rising edge-triggered flip-flop clocked by fun_clk)
  Endpoint: pc_current_reg[14]
            (rising edge-triggered flip-flop clocked by fun_clk)
  Path Group: fun_clk
  Path Type: max

  Des/Clust/Port     Wire Load Model       Library
  ------------------------------------------------
  mips_16            280000                saed90nm_max_hvt
  mips_16_DW01_add_4 8000                  saed90nm_max_hvt

  Point                                    Incr       Path
  -----------------------------------------------------------
  clock fun_clk (rise edge)                0.00       0.00
  clock network delay (ideal)              0.00       0.00
  pc_current_reg[4]/CLK (DFFARX1_HVT)      0.00 #     0.00 r
  pc_current_reg[4]/QN (DFFARX1_HVT)       0.91       0.91 f
  U345/ZN (INVX0_HVT)                      0.54       1.45 r
  add_64/A[4] (mips_16_DW01_add_4)         0.00       1.45 r
  add_64/U48/ZN (INVX0_HVT)                0.59       2.04 f
  add_64/U12/QN (NOR2X1_HVT)               0.47       2.51 r
  add_64/U28/QN (NAND2X1_HVT)              0.49       3.00 f
  add_64/U4/Q (OR2X1_HVT)                  0.65       3.65 f
  add_64/U2/QN (NOR2X1_HVT)                0.26       3.90 r
  add_64/U83/QN (NAND2X1_HVT)              0.53       4.43 f
  add_64/U34/Q (XOR2X1_HVT)                0.86       5.30 r
  add_64/SUM[14] (mips_16_DW01_add_4)      0.00       5.30 r
  U333/ZN (INVX0_HVT)                      0.59       5.89 f
  U101/Q (AND2X2_HVT)                      1.91       7.80 f
  U305/QN (NOR2X0_HVT)                     0.60       8.40 r
  pc_current_reg[14]/D (DFFARX2_HVT)       0.27       8.67 r
  data arrival time                                   8.67

  clock fun_clk (rise edge)               10.00      10.00
  clock network delay (ideal)              0.00      10.00
  clock uncertainty                       -0.45       9.55
  pc_current_reg[14]/CLK (DFFARX2_HVT)     0.00       9.55 r
  library setup time                      -0.85       8.70
  data required time                                  8.70
  -----------------------------------------------------------
  data required time                                  8.70
  data arrival time                                  -8.67
  -----------------------------------------------------------
  slack (MET)                                         0.04


  Startpoint: pc_current_reg[4]
              (rising edge-triggered flip-flop clocked by fun_clk)
  Endpoint: pc_current_reg[7]
            (rising edge-triggered flip-flop clocked by fun_clk)
  Path Group: fun_clk
  Path Type: max

  Des/Clust/Port     Wire Load Model       Library
  ------------------------------------------------
  mips_16            280000                saed90nm_max_hvt
  mips_16_DW01_add_4 8000                  saed90nm_max_hvt

  Point                                    Incr       Path
  -----------------------------------------------------------
  clock fun_clk (rise edge)                0.00       0.00
  clock network delay (ideal)              0.00       0.00
  pc_current_reg[4]/CLK (DFFARX1_HVT)      0.00 #     0.00 r
  pc_current_reg[4]/QN (DFFARX1_HVT)       0.91       0.91 f
  U345/ZN (INVX0_HVT)                      0.54       1.45 r
  add_64/A[4] (mips_16_DW01_add_4)         0.00       1.45 r
  add_64/U48/ZN (INVX0_HVT)                0.59       2.04 f
  add_64/U12/QN (NOR2X1_HVT)               0.47       2.51 r
  add_64/U11/QN (NAND2X0_HVT)              0.54       3.05 f
  add_64/U46/ZN (IBUFFX4_HVT)              0.64       3.69 r
  add_64/U78/QN (NAND2X1_HVT)              0.40       4.09 f
  add_64/U82/ZN (IBUFFX2_HVT)              0.54       4.63 r
  add_64/U49/QN (NAND2X1_HVT)              0.29       4.92 f
  add_64/U58/Q (OR2X1_HVT)                 0.64       5.56 f
  add_64/U63/Q (XOR2X1_HVT)                0.63       6.19 r
  add_64/SUM[7] (mips_16_DW01_add_4)       0.00       6.19 r
  U301/QN (NAND2X0_HVT)                    1.66       7.85 f
  U272/QN (NAND2X0_HVT)                    0.50       8.35 r
  pc_current_reg[7]/D (DFFARX1_HVT)        0.30       8.65 r
  data arrival time                                   8.65

  clock fun_clk (rise edge)               10.00      10.00
  clock network delay (ideal)              0.00      10.00
  clock uncertainty                       -0.45       9.55
  pc_current_reg[7]/CLK (DFFARX1_HVT)      0.00       9.55 r
  library setup time                      -0.86       8.69
  data required time                                  8.69
  -----------------------------------------------------------
  data required time                                  8.69
  data arrival time                                  -8.65
  -----------------------------------------------------------
  slack (MET)                                         0.04


1
