 
****************************************
Report : qor
Design : mips_16
Version: O-2018.06-SP1
Date   : Fri Aug 28 22:59:38 2026
****************************************


  Timing Path Group 'fun_clk'
  -----------------------------------
  Levels of Logic:              11.00
  Critical Path Length:          8.67
  Critical Path Slack:           0.04
  Critical Path Clk Period:     10.00
  Total Negative Slack:          0.00
  No. of Violating Paths:        0.00
  Worst Hold Violation:          0.00
  Total Hold Violation:          0.00
  No. of Hold Violations:        0.00
  -----------------------------------


  Cell Count
  -----------------------------------
  Hierarchical Cell Count:         12
  Hierarchical Port Count:        385
  Leaf Cell Count:              14812
  Buf/Inv Cell Count:            2966
  Buf Cell Count:                  57
  Inv Cell Count:                2909
  CT Buf/Inv Cell Count:            0
  Combinational Cell Count:     10572
  Sequential Cell Count:         4240
  Macro Count:                      0
  -----------------------------------


  Area
  -----------------------------------
  Combinational Area:   156007.526154
  Noncombinational Area:
                        106571.979614
  Buf/Inv Area:          64954.369395
  Total Buffer Area:          1907.71
  Total Inverter Area:       63046.66
  Macro/Black Box Area:      0.000000
  Net Area:              28077.209713
  -----------------------------------
  Cell Area:            262579.505768
  Design Area:          290656.715480


  Design Rules
  -----------------------------------
  Total Number of Nets:         14895
  Nets With Violations:             0
  Max Trans Violations:             0
  Max Cap Violations:               0
  -----------------------------------


  Hostname: IC_EDA

  Compile CPU Statistics
  -----------------------------------------
  Resource Sharing:                    0.68
  Logic Optimization:                  0.37
  Mapping Optimization:                2.17
  -----------------------------------------
  Overall Compile Time:                6.20
  Overall Compile Wall Clock Time:     6.63

  --------------------------------------------------------------------

  Design  WNS: 0.00  TNS: 0.00  Number of Violating Paths: 0


  Design (Hold)  WNS: 0.00  TNS: 0.00  Number of Violating Paths: 0

  --------------------------------------------------------------------


1
