****************************************
Report : Data Mismatches
Version: O-2018.06-SP1
Date   : Sat Aug 29 03:55:22 2026
****************************************
No mismatches exist on the design.
1
1
Information: There are no relative placement groups in the design. (NDMUI-173)
************************************************************
Timer Settings:
Delay Calculation Style:                   auto
Signal Integrity Analysis:                 disabled
Timing Window Analysis:                    disabled
Advanced Waveform Propagation:             disabled
Variation Type:                            fixed_derate
Clock Reconvergence Pessimism Removal:     disabled
Advanced Receiver Model:                   disabled
************************************************************
1
1
