#@ # 
#@ # Running icc2_shell Version O-2018.06-SP1 for linux64 -- Jul 17, 2018
#@ # Date:   Sat Aug 29 04:56:18 2026
#@ # Run by: ICer@IC_EDA
#@ 

##########################setup#########################
set project_dir "/mnt/hgfs/VM_shared/ITI/ASIC_mips_16"
set lib_path "/home/ICer/Downloads/Lib"
set dlib_dir "/mnt/hgfs/VM_shared/ITI/ASIC_mips_16/pnr/2_design_lib/results/worst/outputs"
set design "mips_16"
set prev_stage    "placement"
set current_stage "cts"
########################open########################
open_block ${dlib_dir}/${design}.dlib:${design}_${prev_stage}.design
copy_block -from_block ${design}.dlib:${design}_${prev_stage}.design -to_block ${design}_${current_stage}.design
current_block ${design}_${current_stage}.design
start_gui
gui_set_pref_value -category {SelectByNamePalette} -key {ObjectType} -value {Logical Cells}
link_block
##########################CTS#################################
set_host_option -max_cores 4
report_qor -summary
report_clocks
set_ignored_layers -max_routing_layer M7 -min_routing_layer M2
set_lib_cell_purpose -exclude cts  [get_lib_cells */*]
set_lib_cell_purpose -exclude hold [get_lib_cells */*]
set_lib_cell_purpose -include cts {saed90nm_max_hvt/IBUFFX2_HVT saed90nm_max_hvt/IBUFFX4_HVT saed90nm_max_hvt/IBUFFX8_HVT saed90nm_max_hvt/IBUFFX16_HVT}
set_lib_cell_purpose -include cts {saed90nm_max_hvt/NBUFFX2_HVT saed90nm_max_hvt/NBUFFX4_HVT saed90nm_max_hvt/NBUFFX8_HVT saed90nm_max_hvt/NBUFFX16_HVT}
set_lib_cell_purpose -include cts {saed90nm_max_hvt/INVX2_HVT  saed90nm_max_hvt/INVX4_HVT saed90nm_max_hvt/INVX8_HVT saed90nm_max_hvt/INVX16_HVT}
set_lib_cell_purpose -include hold  [get_lib_cells */*DELLN*]
create_routing_rule clk_network_NDR_root     -multiplier_spacing 2 -multiplier_width 2
create_routing_rule clk_network_NDR_internal -multiplier_spacing 2 -multiplier_width 2
set_clock_routing_rules -net_type root -clocks {fun_clk} -rules clk_network_NDR_root -max_routing_layer M7 -min_routing_layer M5
set_clock_routing_rules -net_type internal -clocks {fun_clk} -rules clk_network_NDR_internal -max_routing_layer M5 -min_routing_layer M3
set_clock_routing_rules -net_type sink -clocks {fun_clk} -default_rule  -max_routing_layer M3 -min_routing_layer M1
report_ideal_network
remove_ideal_network -all
remove_clock_latency     [all_clocks]
remove_propagated_clock [all_clocks]
remove_clock_tree_options -all -target_skew -target_latency
set_max_transition 1 -clock_path    [get_clocks fun_clk]
set_max_capacitance 100 -clock_path [get_clocks fun_clk]
set_clock_tree_options -target_skew 0.1 -clocks {fun_clk}
set_clock_tree_options -target_latency 0.0 -clocks {fun_clk}
report_clock_settings
report_clock_tree_options
######################3
set_app_options -list {time.enable_si_timing_windows {true}}
set_app_options -list {time.si_enable_analysis      {true}}
set_app_options -name time.disable_recovery_removal_checks -value false
set_app_options -name time.remove_clock_reconvergence_pessimism -value true
set_app_options -list {cts.common.max_fanout      {5}}
set_app_options -list {cts.compile.enable_global_route true}
set_app_options -name cts.compile.remove_existing_clock_trees -value true
set_app_options -list {clock_opt.hold.effort      {high}}
set_app_options -name clock_opt.flow.optimize_ndr -value true
set_app_options -name clock_opt.flow.enable_clock_power_recovery -value area
set_app_options -list {clock_opt.flow.enable_ccd      {true}}
set_app_options -name ccd.hold_control_effort -value high
set_app_options -list {cts.common.max_net_length      {100}}
set_app_options -name cts.common.user_instance_name_prefix -value "CTS_"
set_app_options -name opt.common.user_instance_name_prefix -value "OPT_"
#########################3
clock_opt -from  build_clock -to build_clock

set_app_options -as_user_default -list {route.global.debug_compact_coef 4}
set_app_options -as_user_default -list {route.global.debug_compact_coef 1}
redirect $::sh_dev_null { set_app_options -name opt.internal.current_block_utilization -value [report_utilization] }

synthesize_clock_trees
redirect $::sh_dev_null { set_app_options -name opt.internal.current_block_utilization -value [report_utilization] }

clock_opt -from  route_clock -to route_clock
set_app_options -as_user_default -list {route.global.global_route_topology_style 1}
route_group -all_clock_nets -reuse_existing_global_route true
set_app_options -as_user_default -list {route.global.global_route_topology_style 0}
clock_opt -from final_opto  -to final_opto

redirect $::sh_dev_null { set_app_options -name opt.internal.current_block_utilization -value [report_utilization] }

redirect $::sh_dev_null { set_app_options -name opt.internal.current_block_utilization -value [report_utilization] }


set_app_options -list {xform.liba_use_cache 0}
route_group -all_clock_nets -reuse_existing_global_route true -debug_stage track
reset_app_options xform.liba_use_cache

set_app_options -as_user_default -list {route.global.debug_compact_coef 4}
set_app_options -as_user_default -list {route.global.debug_compact_coef 1}


set_app_options -as_user_default -list {route.global.debug_compact_coef 4}
set_app_options -as_user_default -list {route.global.debug_compact_coef 1}
create_routing_rule LOPT_M6_M7 -spacings "M1 0.14 M2 0.16 M3 0.32 M4 0.32 M5 0.32 M6 0.32 M7 0.32 M8 0.32 M9 0.9 " -spacing_length_thresholds "M1 1 M2 1 M3 1 M4 1 M5 1 M6 1 M7 1 M8 1 M9 1 " -spacing_weight_levels "M1 medium M2 medium M3 medium M4 medium M5 medium M6 medium M7 medium M8 medium M9 medium "
create_routing_rule LOPT_M3_M7 -spacings "M1 0.14 M2 0.16 M3 0.32 M4 0.32 M5 0.32 M6 0.32 M7 0.32 M8 0.32 M9 0.9 " -spacing_length_thresholds "M1 1 M2 1 M3 1 M4 1 M5 1 M6 1 M7 1 M8 1 M9 1 " -spacing_weight_levels "M1 medium M2 medium M3 medium M4 medium M5 medium M6 medium M7 medium M8 medium M9 medium "
create_routing_rule ICC2_GENERATED_DEFAULT_SPACING_RULE -spacings "M1 0.14 M2 0.16 M3 0.32 M4 0.32 M5 0.32 M6 0.32 M7 0.32 M8 0.32 M9 0.9 " -spacing_length_thresholds "M1 1 M2 1 M3 1 M4 1 M5 1 M6 1 M7 1 M8 1 M9 1 " -spacing_weight_levels "M1 medium M2 medium M3 medium M4 medium M5 medium M6 medium M7 medium M8 medium M9 medium "









set_app_options -list {xform.liba_use_cache 0}
route_group -all_clock_nets -reuse_existing_global_route true -debug_stage track
reset_app_options xform.liba_use_cache
route_group -all_clock_nets
sizeof_collection [get_cells -hierarchical  "CTS_*"]
sizeof_collection [get_cells -hierarchical  "OPT_*"]
report_qor -summary
connect_pg_net -net "VDD" [get_pins -hierarchical */VDD]
connect_pg_net -net "VSS" [get_pins -hierarchical */VSS]
check_pg_drc
check_pg_connectivity
check_pg_missing_vias
check_routes -drc true
###############################reports#####################
report_timing -delay_type max  -max_paths 10                    > ../results/worst/reports/setup.rpt
report_timing -delay_type min  -max_paths 10                    > ../results/worst/reports/hold.rpt
report_constraint -all_violators                                > ../results/worst/reports/constraints_violated.rpt
report_qor                                                      > ../results/worst/reports/syn_qor.rpt
write_def                        ../results/worst/outputs/${design}_${current_stage}.def
write_verilog     -include {all} ../results/worst/outputs/${design}_${current_stage}.v
write_sdc         -output     ../results/worst/outputs/${design}_${current_stage}.sdc
##################save####################################
save_block -as ${design}_${current_stage} ${design}.dlib:${design}_${current_stage}.design
#open_block ${dlib_dir}/${design}.dlib:${design}_${current_stage}.design
gui_set_layout_layer_visibility -toggle [get_layers -filter {mask_name == metal9} -quiet]
gui_set_layout_layer_visibility -toggle [get_layers -filter {mask_name == metal8} -quiet]
gui_set_layout_layer_visibility -toggle [get_layers -filter {mask_name == metal7} -quiet]
gui_set_layout_layer_visibility -toggle [get_layers -filter {mask_name == metal6} -quiet]
win_set_filter -visible -class cell -filter {hard_macro_margin hard_margin route_blockage_margin soft_margin}
win_set_filter -visible -class routing_blockage -layer {19 22 25 28}
win_set_filter -visible -class shape -filter {} -layer {19 22 25 28}
win_set_filter -visible -class via -filter {} -layer {19 22 25 28}
win_set_filter -visible -class terminal -filter {}  -layer {19 22 25 28}
win_set_filter -visible -class placement_blockage -filter {wiring} -layer {0-77}
win_set_filter -expand_cell_types {soft_macro  }
win_set_select_class -visible {cell port bound routing_blockage shaping_blockage pg_region pin_blockage block_shielding topology_node topology_edge core_area die_area edit_group shape via terminal fill_cell placement_blockage }
win_set_filter -class cell -filter {cell_array hard_macro_margin hard_margin route_blockage_margin soft_margin}
win_set_filter -class routing_blockage -layer {19 22 25 28}
win_set_filter -class shape -filter {} -layer {19 22 25 28}
win_set_filter -class via -filter {} -layer {19 22 25 28}
win_set_filter -class placement_blockage -filter {wiring} -layer {0-77}
win_set_select_class {cell port bound routing_blockage shaping_blockage pg_region pin_blockage topology_node topology_edge edit_group shape via placement_blockage }
gui_show_map -window [gui_get_current_window -types Layout -mru] -map {Clock Tree} -show {true}
gui_set_map_option -map {Clock Tree} -option {clock} -value {default:fun_clk}
gui_set_map_option -map {Clock Tree} -option {to_level} -value {15}
exit 1
