****************************************
Report : qor
Design : mips_16
Version: O-2018.06-SP1
Date   : Sat Aug 29 05:10:20 2026
****************************************
Information: Timer using 'SI, Timing Window Analysis, CRPR'. (TIM-050)


Scenario           'default'
Timing Path Group  'fun_clk'
----------------------------------------
Levels of Logic:                     12
Critical Path Length:              5.43
Critical Path Slack:               3.45
Critical Path Clk Period:         10.00
Total Negative Slack:              0.00
No. of Violating Paths:               0
Worst Hold Violation:              0.00
Total Hold Violation:              0.00
No. of Hold Violations:               0
----------------------------------------


Cell Count
----------------------------------------
Hierarchical Cell Count:             12
Hierarchical Port Count:          27468
Leaf Cell Count:                  22637
Buf/Inv Cell Count:                1240
Buf Cell Count:                      47
Inv Cell Count:                    1193
CT Buf/Inv Cell Count:                0
Combinational Cell Count:         18394
Sequential Cell Count:             4243
Macro Count:                          0
----------------------------------------


Area
----------------------------------------
Combinational Area:           118883.64
Noncombinational Area:        106663.22
Buf/Inv Area:                   7901.80
Total Buffer Area:               259.89
Total Inverter Area:            7641.91
Macro/Black Box Area:              0.00
Net Area:                             0
Net XLength:                       0.00
Net YLength:                       0.00
----------------------------------------
Cell Area (netlist):                         225546.85
Cell Area (netlist and physical only):       225546.85
Net Length:                        0.00


Design Rules
----------------------------------------
Total Number of Nets:             22669
Nets with Violations:                 0
Max Trans Violations:                 0
Max Cap Violations:                   0
----------------------------------------

1
